src/app/app/transactions/page.tsx(402,42): error TS2304: Cannot find name 'Banknote'.
src/app/app/transactions/page.tsx(408,42): error TS2304: Cannot find name 'Eye'.
src/components/Sidebar.tsx(44,13): error TS2304: Cannot find name 'faCalendarAlt'.
src/lib/translations.ts(957,5): error TS2741: Property 'finance' is missing in type '{ menu: string; otherMenu: string; dashboard: string; listing: string; calendar: string; deals: string; tracking: string; activeBids: string; statistics: string; transaction: string; credit: string; ... 201 more ...; requiredFields: string; }' but required in type 'TranslationKeys'.
src/lib/translations.ts(1174,5): error TS2741: Property 'finance' is missing in type '{ menu: string; otherMenu: string; dashboard: string; listing: string; calendar: string; deals: string; tracking: string; activeBids: string; statistics: string; transaction: string; credit: string; ... 201 more ...; requiredFields: string; }' but required in type 'TranslationKeys'.
